#cloud-config
write_files:
  - path: /etc/rancher/k3s/config.yaml
    permissions: '0600'
    owner: root:root
    content: |
      server: https://10.20.0.10:6443
      token: ${HORIZON_JOIN_TOKEN}
      node-label:
        - horizon.dev/pool=reserved
      node-taint:
        - example.dev/dedicated=batch:NoSchedule
  - path: /etc/horizon/token
    permissions: '0600'
    owner: root:root
    content: |
      ${HORIZON_NODE_TOKEN}
runcmd:
  - |
    set -eu
    V=${HORIZON_VERSION}
    NUM=${V#v}
    BASE=https://github.com/lucawalz/horizon/releases/download/${V}
    ARCH=$(uname -m)
    case "$ARCH" in x86_64) ARCH=amd64 ;; aarch64) ARCH=arm64 ;; *) echo "horizon: unsupported architecture $ARCH" >&2; exit 1 ;; esac
    TARBALL=horizon_${NUM}_linux_${ARCH}.tar.gz
    TMP=$(mktemp -d)
    curl -fsSL --max-time 120 -o "$TMP/$TARBALL" "$BASE/$TARBALL"
    curl -fsSL --max-time 60 -o "$TMP/checksums.txt" "$BASE/horizon_${NUM}_checksums.txt"
    EXPECTED=$(awk -v want="$TARBALL" 'NF == 2 && $2 == want { hash = $1; found++ } END { if (found != 1) exit 1; print hash }' "$TMP/checksums.txt")
    ACTUAL=$(sha256sum "$TMP/$TARBALL")
    [ "$EXPECTED" = "${ACTUAL%% *}" ] || { echo "horizon: checksum mismatch for $TARBALL" >&2; exit 1; }
    tar -xzf "$TMP/$TARBALL" -C "$TMP" horizon
    install -D -m0755 "$TMP/horizon" /var/lib/horizon/bin/horizon
    /var/lib/horizon/bin/horizon version >/dev/null
    rm -rf "$TMP"
  - |
    set -eu
    cat > /etc/systemd/system/horizon-watchdog.service <<'UNIT'
    [Unit]
    Description=horizon node watchdog
    After=network-online.target
    Wants=network-online.target
    [Service]
    Type=simple
    Restart=always
    RestartSec=5
    ExecStart=/var/lib/horizon/bin/horizon watchdog --max-lifetime=${HORIZON_MAX_LIFETIME} --token-file=/etc/horizon/token --state-dir=/run/horizon
    [Install]
    WantedBy=multi-user.target
    UNIT
    systemctl daemon-reload
    systemctl enable --now horizon-watchdog.service
